U-Boot 2015.04 (Apr 12 2018 - 17:37:28)
CPU: Renesas Electronics R8A7796 rev 1.0
Board: M3ULCB
I2C:   ready
DRAM:  1.9 GiB
Flash: 64 MiB
MMC:   sh-sdhi: 0, sh-sdhi: 1
In:    serial
Out:   serial
Err:   serial
Net:   ravb

Hit any key to stop autoboot:  9 
end: 2.4.2 bootloader-interrupt (duration 00:00:00) [common]
start: 2.4.3 bootloader-commands (timeout 00:09:58) [common]
bootloader-commands: Wait for prompt ['=>'] (timeout 00:09:5 0 
Sending with 10 millisecond of delay
setenv autoload no
=> setenv autoload no
bootloader-commands: Wait for prompt ['=>', 'Resetting CPU', 'Must RESET board to recover', 'TIMEOUT', 'Retry count exceeded', 'ERROR: The remote end did not respond in time.'] (timeout 00:09:57)
setenv autoload no
Sending with 10 millisecond of delay
setenv initrd_high 0xffffffff
=> setenv initrd_high 0xffffffff
bootloader-commands: Wait for prompt ['=>', 'Resetting CPU', 'Must RESET board to recover', 'TIMEOUT', 'Retry count exceeded', 'ERROR: The remote end did not respond in time.'] (timeout 00:09:55)
setenv initrd_high 0xffffffff
Sending with 10 millisecond of delay
setenv fdt_high 0xffffffffffffffff
=> setenv fdt_high 0xffffffffffffffff
bootloader-commands: Wait for prompt ['=>', 'Resetting CPU', 'Must RESET board to recover', 'TIMEOUT', 'Retry count exceeded', 'ERROR: The remote end did not respond in time.'] (timeout 00:09:53)
setenv fdt_high 0xffffffffffffffff
Sending with 10 millisecond of delay
setenv serverip 192.168.10.43; dhcp
=> setenv serverip 192.168.10.43; dhcp
bootloader-commands: Wait for prompt ['=>', 'Resetting CPU', 'Must RESET board to recover', 'TIMEOUT', 'Retry count exceeded', 'ERROR: The remote end did not respond in time.'] (timeout 00:09:51)
setenv serverip 192.168.10.43; dhcp
ravb connected to Micrel ksz9031
ravb Waiting for PHY auto negotiation to complete... done
ravb: 1000Base/Full
BOOTP broadcast 1
BOOTP broadcast 2
DHCP client bound to address 192.168.10.117 (299 ms)
Sending with 10 millisecond of delay
setenv serverip 192.168.10.43
=> setenv serverip 192.168.10.43
bootloader-commands: Wait for prompt ['=>', 'Resetting CPU', 'Must RESET board to recover', 'TIMEOUT', 'Retry count exceeded', 'ERROR: The remote end did not respond in time.'] (timeout 00:09:46)
setenv serverip 192.168.10.43
Sending with 10 millisecond of delay
tftp 0x48080000 281/nbd-deploy-yxd5l2ef/kernel/Image
=> tftp 0x48080000 281/nbd-deploy-yxd5l2ef/kernel/Image
bootloader-commands: Wait for prompt ['=>', 'Resetting CPU', 'Must RESET board to recover', 'TIMEOUT', 'Retry count exceeded', 'ERROR: The remote end did not respond in time.'] (timeout 00:09:43)
tftp 0x48080000 281/nbd-deploy-yxd5l2ef/kernel/Image
ravb:0 is connected to ravb.  Reconnecting to ravb
ravb connected to Micrel ksz9031
ravb Waiting for PHY auto negotiation to complete.... done
ravb: 1000Base/Full
Using ravb device
TFTP from server 192.168.10.43; our IP address is 192.168.10.117
Filename '281/nbd-deploy-yxd5l2ef/kernel/Image'.
Load address: 0x48080000
Loading: #################################################################
	 #################################################################
	 #################################################################
	 #################################################################
	 #################################################################
	 #################################################################
	 #################################################################
	 #################################################################
	 #################################################################
	 #################################################################
	 #################################################################
	 #################################################################
	 #################################################################
	 #################################################################
	 #################################################################
	 #################################################################
	 #################################################################
	 #########################################
	 1.6 MiB/s
done
Bytes transferred = 16822784 (100b200 hex)
Sending with 10 millisecond of delay
tftp 0x4a000000 281/nbd-deploy-yxd5l2ef/initrd/initramfs-netboot-image-m3ulcb-20180726064623.rootfs.ext4
=> tftp 0x4a000000 281/nbd-deploy-yxd5l2ef/initrd/initramfs-netboot-image-m3ulcb-20180726064623.rootfs.ext4
bootloader-commands: Wait for prompt ['=>', 'Resetting CPU', 'Must RESET board to recover', 'TIMEOUT', 'Retry count exceeded', 'ERROR: The remote end did not respond in time.'] (timeout 00:09:22)
tftp 0x4a000000 281/nbd-deploy-yxd5l2ef/initrd/initramfs-netboot-image-m3ulcb-20180726064623.rootfs.ext4
ravb:0 is connected to ravb.  Reconnecting to ravb
ravb connected to Micrel ksz9031
ravb Waiting for PHY auto negotiation to complete... done
ravb: 1000Base/Full
Using ravb device
TFTP from server 192.168.10.43; our IP address is 192.168.10.117
Filename '281/nbd-deploy-yxd5l2ef/initrd/initramfs-netboot-image-m3ulcb-20180726064623.rootfs.ext4'.
Load address: 0x4a000000
Loading: #################################################################
	 #################################################################
	 #################################################################
	 #################################################################
	 #################################################################
	 #################################################################
	 #################################################################
	 #################################################################
	 #################################################################
	 #####
	 1.1 MiB/s
done
Bytes transferred = 8650752 (840000 hex)
Sending with 10 millisecond of delay
setenv initrd_size ${filesize}
=> setenv initrd_size ${filesize}
bootloader-commands: Wait for prompt ['=>', 'Resetting CPU', 'Must RESET board to recover', 'TIMEOUT', 'Retry count exceeded', 'ERROR: The remote end did not respond in time.'] (timeout 00:09:09)
setenv initrd_size ${filesize}
Sending with 10 millisecond of delay
tftp 0x48000000 281/nbd-deploy-yxd5l2ef/dtb/Image-r8a7796-m3ulcb.dtb
=> tftp 0x48000000 281/nbd-deploy-yxd5l2ef/dtb/Image-r8a7796-m3ulcb.dtb
bootloader-commands: Wait for prompt ['=>', 'Resetting CPU', 'Must RESET board to recover', 'TIMEOUT', 'Retry count exceeded', 'ERROR: The remote end did not respond in time.'] (timeout 00:09:05)
tftp 0x48000000 281/nbd-deploy-yxd5l2ef/dtb/Image-r8a7796-m3ulcb.dtb
ravb:0 is connected to ravb.  Reconnecting to ravb
ravb connected to Micrel ksz9031
ravb Waiting for PHY auto negotiation to complete... done
ravb: 1000Base/Full
Using ravb device
TFTP from server 192.168.10.43; our IP address is 192.168.10.117
Filename '281/nbd-deploy-yxd5l2ef/dtb/Image-r8a7796-m3ulcb.dtb'.
Load address: 0x48000000
Loading: ####
	 10.7 KiB/s
done
Bytes transferred = 56506 (dcba hex)
Sending with 10 millisecond of delay
setenv bootargs 'console=ttySC0,115200n8 rw nbd.server=192.168.10.43 nbd.port=61964 root=/dev/ram0 ramdisk_size=16384 rootdelay=7   ip=192.168.10.6 verbose earlyprintk systemd.log_color=false ${extraargs} rw'
=> setenv bootargs 'console=ttySC0,115200n8 rw nbd.server=192.168.10.43 nbd.port=61964 root=/dev/ram0 ramdisk_size=16384 rootdelay=7   ip=192.168.10.6 verbose earlyprintk systemd.log_color=false ${extraargs} rw'
bootloader-commands: Wait for prompt ['=>', 'Resetting CPU', 'Must RESET board to recover', 'TIMEOUT', 'Retry count exceeded', 'ERROR: The remote end did not respond in time.'] (timeout 00:08:44)
setenv bootargs 'console=ttySC0,115200n8 rw nbd.server=192.168.10.43 nbd.port=61964 root=/dev/ram0 ramdisk_size=16384 rootdelay=7   ip=192.168.10.6 verbose earlyprintk systemd.log_color=false ${extraargs} rw'
Sending with 10 millisecond of delay
booti 0x48080000 0x4a000000:${initrd_size} 0x48000000
=> booti 0x48080000 0x4a000000:${initrd_size} 0x48000000
bootloader-commands: Wait for prompt Starting kernel (timeout 00:08:41)
booti 0x48080000 0x4a000000:${initrd_size} 0x48000000
## Flattened Device Tree blob at 48000000
   Booting using the fdt blob at 0x48000000
   Loading Ramdisk to 7f611000, end 7fe51000 ... OK
   Using Device Tree in place at 0000000048000000, end 0000000048010cb9
Starting kernel ...
end: 2.4.3 bootloader-commands (duration 00:01:17) [common]
start: 2.4.4 auto-login-action (timeout 00:08:41) [common]
auto-login-action: Wait for prompt ['Linux version [0-9]', 'Resetting CPU', 'Must RESET board to recover', 'TIMEOUT', 'Retry count exceeded', 'ERROR: The remote end did not respond in time.'] (timeout 00:10:00)
[    0.000000] Booting Linux on physical CPU 0x0
[    0.000000] Linux version 4.9.0-yocto-standard (oe-user@oe-host) (gcc version 6.3.0 (GCC) ) #1 SMP PREEMPT Thu Jul 26 07:36:30 UTC 2018
[    0.000000] Boot CPU: AArch64 Processor [411fd073]
[    0.000000] efi: Getting EFI parameters from FDT:
[    0.000000] efi: UEFI not found.
[    0.000000] Reserved memory: created CMA memory pool at 0x0000000057000000, size 16 MiB
The string '/ #' does not look like a typical prompt and could match status messages instead. Please check the job log files and use a prompt string which matches the actual prompt string more closely.
Using line separator: #'\n'#
Waiting for the login prompt
Parsing kernel messages
-+\[ cut here \]-+\s+(.*\s+-+\[ end trace (\w*) \]-+),(Unhandled fault.*)
,Kernel panic - (.*) end Kernel panic,Stack:\s+(.*\s+-+\[ end trace (\w*) \]-+),ALERT! .* does not exist.\s+Dropping to a shell!,root@m3ulcb:~,m3ulcb:~#,/ #,login:,Login incorrect
[auto-login-action] Waiting for messages, (timeout 00:08:40)
[    0.000000] OF: reserved mem: initialized node linux,adsp, compatible id shared-dma-pool
[    0.000000] Reserved memory: created CMA memory pool at 0x0000000058000000, size 384 MiB
[    0.000000] OF: reserved mem: initialized node linux,cma, compatible id shared-dma-pool
[    0.000000] Reserved memory: created CMA memory pool at 0x0000000070000000, size 256 MiB
[    0.000000] OF: reserved mem: initialized node linux,multimedia, compatible id shared-dma-pool
[    0.000000] psci: probing for conduit method from DT.
[    0.000000] psci: PSCIv1.0 detected in firmware.
[    0.000000] psci: Using standard PSCI v0.2 function IDs
[    0.000000] psci: Trusted OS resident on physical CPU 0x0
[    0.000000] percpu: Embedded 21 pages/cpu @ffff8005fff2a000 s48152 r8192 d29672 u86016
[    0.000000] Detected PIPT I-cache on CPU0
[    0.000000] Built 1 zonelists in Zone order, mobility grouping on.  Total pages: 471744
[    0.000000] Kernel command line: console=ttySC0,115200n8 rw nbd.server=192.168.10.43 nbd.port=61964 root=/dev/ram0 ramdisk_size=16384 rootdelay=7   ip=192.168.10.6 verbose earlyprintk systemd.log_color=false ${extraargs} rw
[    0.000000] log_buf_len individual max cpu contribution: 4096 bytes
[    0.000000] log_buf_len total cpu_extra contributions: 20480 bytes
[    0.000000] log_buf_len min size: 16384 bytes
[    0.000000] log_buf_len: 65536 bytes
[    0.000000] early log buf free: 14140(86%)
[    0.000000] PID hash table entries: 4096 (order: 3, 32768 bytes)
[    0.000000] Dentry cache hash table entries: 262144 (order: 9, 2097152 bytes)
[    0.000000] Inode-cache hash table entries: 131072 (order: 8, 1048576 bytes)
[    0.000000] software IO TLB [mem 0x4ffff000-0x53fff000] (64MB) mapped at [ffff80000ffff000-ffff800013ffefff]
[    0.000000] Memory: 1125624K/1916928K available (9788K kernel code, 940K rwdata, 4600K rodata, 1024K init, 304K bss, 119560K reserved, 671744K cma-reserved)
[    0.000000] Virtual kernel memory layout:
[    0.000000]     modules : 0xffff000000000000 - 0xffff000008000000   (   128 MB)
[    0.000000]     vmalloc : 0xffff000008000000 - 0xffff7dffbfff0000   (129022 GB)
[    0.000000]       .text : 0xffff000008080000 - 0xffff000008a10000   (  9792 KB)
[    0.000000]     .rodata : 0xffff000008a10000 - 0xffff000008ea0000   (  4672 KB)
[    0.000000]       .init : 0xffff000008ea0000 - 0xffff000008fa0000   (  1024 KB)
[    0.000000]       .data : 0xffff000008fa0000 - 0xffff00000908b200   (   941 KB)
[    0.000000]        .bss : 0xffff00000908b200 - 0xffff0000090d74ac   (   305 KB)
[    0.000000]     fixed   : 0xffff7dfffe7fd000 - 0xffff7dfffec00000   (  4108 KB)
[    0.000000]     PCI I/O : 0xffff7dfffee00000 - 0xffff7dffffe00000   (    16 MB)
[    0.000000]     vmemmap : 0xffff7e0000000000 - 0xffff800000000000   (  2048 GB maximum)
[    0.000000]               0xffff7e0000200000 - 0xffff7e0018000000   (   382 MB actual)
[    0.000000]     memory  : 0xffff800008000000 - 0xffff800600000000   ( 24448 MB)
[    0.000000] SLUB: HWalign=64, Order=0-3, MinObjects=0, CPUs=6, Nodes=1
[    0.000000] Preemptible hierarchical RCU implementation.
[    0.000000] 	Build-time adjustment of leaf fanout to 64.
[    0.000000] 	RCU restricting CPUs from NR_CPUS=64 to nr_cpu_ids=6.
[    0.000000] RCU: Adjusting geometry for rcu_fanout_leaf=64, nr_cpu_ids=6
[    0.000000] NR_IRQS:64 nr_irqs:64 0
[    0.000000] GIC: Adjusting CPU interface base to 0x00000000f102f000
[    0.000000] GIC: Using split EOI/Deactivate mode
[    0.000000] arm_arch_timer: Architected cp15 timer(s) running at 8.33MHz (phys).
[    0.000000] clocksource: arch_sys_counter: mask: 0xffffffffffffff max_cycles: 0x1ec02923e, max_idle_ns: 440795202125 ns
[    0.000002] sched_clock: 56 bits at 8MHz, resolution 120ns, wraps every 2199023255496ns
[    0.000299] Console: colour dummy device 80x25
[    0.000319] Calibrating delay loop (skipped), value calculated using timer frequency.. 16.66 BogoMIPS (lpj=33333)
[    0.000327] pid_max: default: 32768 minimum: 301
[    0.000371] Security Framework initialized
[    0.000386] Smack:  Initializing.
[    0.000411] Mount-cache hash table entries: 4096 (order: 3, 32768 bytes)
[    0.000415] Mountpoint-cache hash table entries: 4096 (order: 3, 32768 bytes)
[    0.001024] ASID allocator initialised with 65536 entries
[    0.033101] EFI services will not be available.
[    0.080133] Detected PIPT I-cache on CPU1
[    0.080170] CPU1: Booted secondary processor [411fd073]
[    0.112053] psci: failed to boot CPU2 (-22)
[    0.112063] CPU2: failed to boot: -22
[    0.112066] CPU2: failed in unknown state : 0x0
[    0.144086] psci: failed to boot CPU3 (-22)
[    0.144090] CPU3: failed to boot: -22
[    0.144092] CPU3: failed in unknown state : 0x0
[    0.176120] psci: failed to boot CPU4 (-22)
[    0.176125] CPU4: failed to boot: -22
[    0.176128] CPU4: failed in unknown state : 0x0
[    0.208152] psci: failed to boot CPU5 (-22)
[    0.208156] CPU5: failed to boot: -22
[    0.208159] CPU5: failed in unknown state : 0x0
[    0.208181] Brought up 2 CPUs
[    0.208184] SMP: Total of 2 processors activated.
[    0.208190] CPU features: detected feature: 32-bit EL0 Support
[    0.208222] CPU: All CPU(s) started at EL2
[    0.208655] devtmpfs: initialized
[    0.214298] DMI not present or invalid.
[    0.214469] clocksource: jiffies: mask: 0xffffffff max_cycles: 0xffffffff, max_idle_ns: 7645041785100000 ns
[    0.222291] pinctrl core: initialized pinctrl subsystem
[    0.222678] Detected Renesas R-Car Gen3 r8a7796 ES1.0
[    0.223616] NET: Registered protocol family 16
[    0.244354] cpuidle: using governor menu
[    0.244959] vdso: 2 pages (1 code @ ffff000008a17000, 1 data @ ffff000008fa4000)
[    0.244973] hw-breakpoint: found 6 breakpoint and 4 watchpoint registers.
[    0.245425] DMA: preallocated 256 KiB pool for atomic allocations
[    0.245587] Serial: AMBA PL011 UART driver
[    0.248044] sh-pfc e6060000.pin-controller: r8a77960_pfc support registered
[    0.256207] irq: no irq domain found for /soc/impdes0 !
[    0.256346] irq: no irq domain found for /soc/impdes0 !
[    0.256463] irq: no irq domain found for /soc/impdes0 !
[    0.256563] irq: no irq domain found for /soc/impdes0 !
[    0.286242] HugeTLB registered 2 MB page size, pre-allocated 0 pages
[    0.288892] ACPI: Interpreter disabled.
[    0.290574] rcar-cpufreq: use avs value: 0
[    0.290584] rcar-cpufreq: /cpus/cpu@0 is running with: /opp_table0
[    0.290589] rcar-cpufreq: /cpus/cpu@1 is running with: /opp_table0
[    0.290598] rcar-cpufreq: /cpus/cpu@100 is running with: /opp_table10
[    0.290602] rcar-cpufreq: /cpus/cpu@101 is running with: /opp_table10
[    0.290606] rcar-cpufreq: /cpus/cpu@102 is running with: /opp_table10
[    0.290611] rcar-cpufreq: /cpus/cpu@103 is running with: /opp_table10
[    0.290846] rcar-cpufreq: /soc/gsx@fd000000 is running with: /gsx_opp_table
[    0.291914] vgaarb: loaded
[    0.292192] SCSI subsystem initialized
[    0.296650] usbcore: registered new interface driver usbfs
[    0.296681] usbcore: registered new interface driver hub
[    0.296727] usbcore: registered new device driver usb
[    0.297225] media: Linux media interface: v0.10
[    0.297251] Linux video capture interface: v2.00
[    0.297285] pps_core: LinuxPPS API ver. 1 registered
[    0.297288] pps_core: Software ver. 5.3.6 - Copyright 2005-2007 Rodolfo Giometti <giometti@linux.it>
[    0.297298] PTP clock support registered
[    0.304553] dmi: Firmware registration failed.
[    0.304845] Advanced Linux Sound Architecture Driver Initialized.
[    0.305155] NetLabel: Initializing
[    0.305159] NetLabel:  domain hash size = 128
[    0.305162] NetLabel:  protocols = UNLABELED CIPSOv4
[    0.305186] NetLabel:  unlabeled traffic allowed by default
[    0.305698] i2c-sh_mobile e60b0000.i2c: I2C adapter 7, bus speed 400000 Hz
[    0.306171] clocksource: Switched to clocksource arch_sys_counter
[    0.306274] VFS: Disk quotas dquot_6.6.0
[    0.306312] VFS: Dquot-cache hash table entries: 512 (order 0, 4096 bytes)
[    0.306477] pnp: PnP ACPI: disabled
[    0.312247] NET: Registered protocol family 2
[    0.312639] TCP established hash table entries: 16384 (order: 5, 131072 bytes)
[    0.312690] TCP bind hash table entries: 16384 (order: 6, 262144 bytes)
[    0.312822] TCP: Hash tables configured (established 16384 bind 16384)
[    0.312885] UDP hash table entries: 1024 (order: 3, 32768 bytes)
[    0.312898] UDP-Lite hash table entries: 1024 (order: 3, 32768 bytes)
[    0.313017] NET: Registered protocol family 1
[    0.317328] RPC: Registered named UNIX socket transport module.
[    0.317335] RPC: Registered udp transport module.
[    0.317338] RPC: Registered tcp transport module.
[    0.317341] RPC: Registered tcp NFSv4.1 backchannel transport module.
[    0.317485] Trying to unpack rootfs image as initramfs...
[    0.317602] rootfs image is not initramfs (junk in compressed archive); looks like an initrd
[    0.326576] BUG: Bad page state in process swapper/0  pfn:7f800
[    0.326587] page:ffff7e0000fe0000 count:0 mapcount:-127 mapping:          (null) index:0x4
[    0.326594] flags: 0x0()
[    0.326597] page dumped because: nonzero mapcount
[    0.326600] Modules linked in:
[    0.326608] CPU: 1 PID: 1 Comm: swapper/0 Not tainted 4.9.0-yocto-standard #1
[    0.326612] Hardware name: Renesas M3ULCB board based on r8a7796 (DT)
[    0.326616] Call trace:
[    0.326630] [<ffff0000080883d0>] dump_backtrace+0x0/0x1a0
[    0.326636] [<ffff000008088584>] show_stack+0x14/0x20
[    0.326645] [<ffff00000838b9e4>] dump_stack+0x94/0xb8
[    0.326653] [<ffff00000816e2f0>] bad_page+0xe8/0x148
[    0.326657] [<ffff00000816e3bc>] free_pages_check_bad+0x6c/0xa8
[    0.326662] [<ffff00000816f498>] free_pcppages_bulk+0x328/0x470
[    0.326666] [<ffff00000817044c>] free_hot_cold_page+0x1cc/0x218
[    0.326670] [<ffff0000081704d8>] __free_pages+0x40/0x50
[    0.326675] [<ffff000008170560>] free_reserved_area+0x78/0x100
[    0.326683] [<ffff000008ea6690>] free_initrd_mem+0x20/0x2c
[    0.326687] [<ffff000008ea31e4>] free_initrd+0xa4/0xbc
[    0.326691] [<ffff000008ea370c>] populate_rootfs+0xf4/0x110
[    0.326696] [<ffff0000080830b8>] do_one_initcall+0x38/0x128
[    0.326702] [<ffff000008ea0cf0>] kernel_init_freeable+0x1a4/0x248
[    0.326709] [<ffff000008a00148>] kernel_init+0x10/0x100
[    0.326713] [<ffff000008082e80>] ret_from_fork+0x10/0x50
[    0.326716] Disabling lock debugging due to kernel taint
[    0.328817] BUG: Bad page state in process swapper/0  pfn:7fc00
[    0.328821] page:ffff7e0000ff0000 count:0 mapcount:-127 mapping:          (null) index:0x4
[    0.328826] flags: 0x0()
[    0.328829] page dumped because: nonzero mapcount
[    0.328831] Modules linked in:
[    0.328837] CPU: 1 PID: 1 Comm: swapper/0 Tainted: G    B           4.9.0-yocto-standard #1
[    0.328840] Hardware name: Renesas M3ULCB board based on r8a7796 (DT)
[    0.328843] Call trace:
[    0.328850] [<ffff0000080883d0>] dump_backtrace+0x0/0x1a0
[    0.328854] [<ffff000008088584>] show_stack+0x14/0x20
[    0.328861] [<ffff00000838b9e4>] dump_stack+0x94/0xb8
[    0.328867] [<ffff00000816e2f0>] bad_page+0xe8/0x148
[    0.328871] [<ffff00000816e3bc>] free_pages_check_bad+0x6c/0xa8
[    0.328875] [<ffff00000816f498>] free_pcppages_bulk+0x328/0x470
[    0.328881] [<ffff00000817044c>] free_hot_cold_page+0x1cc/0x218
[    0.328885] [<ffff0000081704d8>] __free_pages+0x40/0x50
[    0.328889] [<ffff000008170560>] free_reserved_area+0x78/0x100
[    0.328895] [<ffff000008ea6690>] free_initrd_mem+0x20/0x2c
[    0.328899] [<ffff000008ea31e4>] free_initrd+0xa4/0xbc
[    0.328902] [<ffff000008ea370c>] populate_rootfs+0xf4/0x110
[    0.328906] [<ffff0000080830b8>] do_one_initcall+0x38/0x128
[    0.328912] [<ffff000008ea0cf0>] kernel_init_freeable+0x1a4/0x248
[    0.328916] [<ffff000008a00148>] kernel_init+0x10/0x100
[    0.328920] [<ffff000008082e80>] ret_from_fork+0x10/0x50
[    0.330006] Freeing initrd memory: 8448K (ffff80003f611000 - ffff80003fe51000)
[    0.330480] hw perfevents: enabled with armv8_cortex_a57 PMU driver, 7 counters available
[    0.330540] hw perfevents: /soc/pmu_a53: failed to probe PMU!
[    0.330544] hw perfevents: /soc/pmu_a53: failed to register PMU devices!
[    0.330784] kvm [1]: 8-bit VMID
[    0.330789] kvm [1]: IDMAP page: 48a06000
[    0.330792] kvm [1]: HYP VA range: 800000000000:ffffffffffff
[    0.331499] kvm [1]: Hyp mode initialized successfully
[    0.331552] kvm [1]: vgic-v2@f1040000
[    0.331611] kvm [1]: vgic interrupt IRQ1
[    0.331623] kvm [1]: virtual timer IRQ4
[    0.333284] futex hash table entries: 2048 (order: 6, 262144 bytes)
[    0.333386] audit: initializing netlink subsys (disabled)
[    0.333426] audit: type=2000 audit(0.327:1): initialized
[    0.333909] workingset: timestamp_bits=46 max_order=19 bucket_order=0
[    0.340792] squashfs: version 4.0 (2009/01/31) Phillip Lougher
[    0.341381] NFS: Registering the id_resolver key type
[    0.341404] Key type id_resolver registered
[    0.341407] Key type id_legacy registered
[    0.341415] nfs4filelayout_init: NFSv4 File Layout Driver Registering...
[    0.341435] jffs2: version 2.2. Â© 2001-2006 Red Hat, Inc.
[    0.341834] 9p: Installing v9fs 9p2000 file system support
[    0.343438] Block layer SCSI generic (bsg) driver version 0.4 loaded (major 246)
[    0.343447] io scheduler noop registered
[    0.343471] io scheduler cfq registered (default)
[    0.345451] libphy: mdio_driver_register: phy-bcm-ns2-pci
[    0.347461] gpio_rcar e6050000.gpio: driving 16 GPIOs
[    0.348180] gpio_rcar e6051000.gpio: driving 29 GPIOs
[    0.348692] gpio_rcar e6052000.gpio: driving 15 GPIOs
[    0.349173] gpio_rcar e6053000.gpio: driving 16 GPIOs
[    0.349684] gpio_rcar e6054000.gpio: driving 18 GPIOs
[    0.350365] gpio_rcar e6055000.gpio: driving 26 GPIOs
[    0.351224] gpio_rcar e6055400.gpio: driving 32 GPIOs
[    0.351651] gpio_rcar e6055800.gpio: driving 4 GPIOs
[    0.367765] xenfs: not registering filesystem on non-xen platform
[    0.368722] bd9571mwv 7-0030: bd9571mwv probed
[    0.371670] Serial: 8250/16550 driver, 4 ports, IRQ sharing disabled
[    0.373036] SuperH (H)SCI(F) driver initialized
[    0.373418] e6e88000.serial: ttySC0 at MMIO 0xe6e88000 (irq = 90, base_baud = 0) is a scif
[    1.671574] console [ttySC0] enabled
[    1.675766] msm_serial: driver initialized
[    1.680165] [drm] Initialized
[    1.683545] [drm] Supports vblank timestamp caching Rev 2 (21.10.2013).
[    1.690170] [drm] No driver support for vblank timestamp query.
[    1.702627] brd: module loaded
[    1.708630] loop: module loaded
[    1.713525] nbd: registered device at major 43
[    1.722259] hisi_sas: driver version v1.6
[    1.728746] spi_sh_msiof e6ea0000.spi: DMA available
[    1.735249] libphy: Fixed MDIO Bus: probed
[    1.739544] tun: Universal TUN/TAP device driver, 1.6
[    1.744628] tun: (C) 1999-2004 Max Krasnyansky <maxk@qualcomm.com>
[    1.751775] e1000e: Intel(R) PRO/1000 Network Driver - 3.2.6-k
[    1.757619] e1000e: Copyright(c) 1999 - 2015 Intel Corporation.
[    1.763586] igb: Intel(R) Gigabit Ethernet Network Driver - version 5.4.0-k
[    1.770551] igb: Copyright (c) 2007-2014 Intel Corporation.
[    1.776154] igbvf: Intel(R) Gigabit Virtual Function Network Driver - version 2.4.0-k
[    1.783984] igbvf: Copyright (c) 2009 - 2012 Intel Corporation.
[    1.789926] sky2: driver version 1.30
[    1.794283] libphy: ravb_mii: probed
[    1.798554] ravb e6800000.ethernet eth0: Base address at 0xe6800000, 2e:09:0a:00:be:11, IRQ 87.
[    1.807925] VFIO - User Level meta-driver version: 0.3
[    1.814194] ehci_hcd: USB 2.0 'Enhanced' Host Controller (EHCI) Driver
[    1.820724] ehci-pci: EHCI PCI platform driver
[    1.825214] ehci-platform: EHCI generic platform driver
[    1.830703] ehci-platform ee0a0100.usb: EHCI Host Controller
[    1.836395] ehci-platform ee0a0100.usb: new USB bus registered, assigned bus number 1
[    1.844355] ehci-platform ee0a0100.usb: irq 155, io mem 0xee0a0100
[    1.866177] ehci-platform ee0a0100.usb: USB 2.0 started, EHCI 1.10
[    1.872763] hub 1-0:1.0: USB hub found
[    1.876527] hub 1-0:1.0: 1 port detected
[    1.880691] ehci-exynos: EHCI EXYNOS driver
[    1.885029] ehci-msm: Qualcomm On-Chip EHCI Host Controller
[    1.890673] ohci_hcd: USB 1.1 'Open' Host Controller (OHCI) Driver
[    1.896877] ohci-pci: OHCI PCI platform driver
[    1.901368] ohci-platform: OHCI generic platform driver
[    1.906770] ohci-platform ee0a0000.usb: Generic Platform OHCI controller
[    1.913484] ohci-platform ee0a0000.usb: new USB bus registered, assigned bus number 2
[    1.921402] ohci-platform ee0a0000.usb: irq 155, io mem 0xee0a0000
[    2.016508] hub 2-0:1.0: USB hub found
[    2.020270] hub 2-0:1.0: 1 port detected
[    2.024390] ohci-exynos: OHCI EXYNOS driver
[    2.029076] usbcore: registered new interface driver usb-storage
[    2.035141] usbcore: registered new interface driver usbserial
[    2.040991] usbcore: registered new interface driver usbserial_generic
[    2.047534] usbserial: USB Serial support registered for generic
[    2.054685] mousedev: PS/2 mouse device common for all mice
[    2.061227] i2c /dev entries driver
[    2.071647] cs2000-cp 2-004f: revision - C1
[    2.075887] i2c-rcar e6510000.i2c: probed
[    2.080463] i2c-rcar e66d8000.i2c: error -11 : e
[    2.085100] i2c-rcar e66d8000.i2c: error -11 : e
[    2.089794] i2c-rcar e66d8000.i2c: error -11 : e
[    2.094430] i2c-rcar e66d8000.i2c: error -11 : e
[    2.099049] 5p49x 4-006a: Rev.0xfffffff5, probed
[    2.103697] i2c-rcar e66d8000.i2c: probed
[    2.108026] usbcore: registered new interface driver i2c-tiny-usb
[    2.128306] rcar_gen3_thermal e6198000.thermal: is using pseudo fixed values
[    2.135464] rcar_gen3_thermal e6198000.thermal: Thermal sensor probed
[    2.143283] rcar_gen3_thermal e61a0000.thermal: is using pseudo fixed values
[    2.150556] rcar_gen3_thermal e61a0000.thermal: Thermal sensor probed
[    2.158304] rcar_gen3_thermal e61a8000.thermal: is using pseudo fixed values
[    2.165394] rcar_gen3_thermal e61a8000.thermal: Thermal sensor probed
[    2.172769] md: raid0 personality registered for level 0
[    2.179520] sdhci: Secure Digital Host Controller Interface driver
[    2.185708] sdhci: Copyright(c) Pierre Ossman
[    2.190640] sh_mobile_sdhi ee100000.sd: Got CD GPIO
[    2.210185] usb 1-1: new high-speed USB device number 2 using ehci-platform
[    2.254273] sh_mobile_sdhi ee140000.sd: mmc0 base at 0xee140000 max clock rate 200 MHz
[    2.262470] Synopsys Designware Multimedia Card Interface Driver
[    2.270644] sdhci-pltfm: SDHCI platform and OF driver helper
[    2.277299] ledtrig-cpu: registered to indicate activity on CPUs
[    2.284228] usbcore: registered new interface driver usbhid
[    2.289900] usbhid: USB HID core driver
[    2.296003] usbcore: registered new interface driver snd-usb-audio
[    2.317689] rcar_sound ec500000.sound: probed
[    2.322371] NET: Registered protocol family 17
[    2.326881] 9pnet: Installing 9P2000 support
[    2.331202] Key type dns_resolver registered
[    2.335975] registered taskstats version 1
[    2.345038] thermal emergency: shutdown target cpus 1
[    2.350123] thermal emergency: freq scaled target cpus 0
[    2.355472] thermal emergency: set temperature to 110 celsius
[    2.361468] renesas_irqc e61c0000.interrupt-controller: driving 6 irqs
[    2.368982] [drm] Supports vblank timestamp caching Rev 2 (21.10.2013).
[    2.375636] [drm] No driver support for vblank timestamp query.
[    2.382586] hub 1-1:1.0: USB hub found
[    2.383177] platform fead0000.hdmi0: Detected HDMI controller 0x20:0x1a:0xa0:0xc1
[    2.386489] platform fead0000.hdmi0: registered DesignWare HDMI I2C bus driver
[    2.386557] rcar-du feb00000.display: No connectors reported connected with modes
[    2.386563] [drm] Cannot find any crtc or sizes - going 1024x768
[    2.414706] hub 1-1:1.0: 4 ports detected
[    2.417734] Console: switching to colour frame buffer device 128x48
[    2.430864] random: fast init done
[    2.434283] rcar-du feb00000.display: fb0:  frame buffer device
[    2.445214] mmc0: new HS400 MMC card at address 0001
[    2.450511] mmcblk0: mmc0:0001 R1J55A 7.28 GiB 
[    2.455164] mmcblk0boot0: mmc0:0001 R1J55A partition 1 8.00 MiB
[    2.461221] mmcblk0boot1: mmc0:0001 R1J55A partition 2 8.00 MiB
[    2.467468] [drm] Device feb00000.display probed
[    2.468348] sh_mobile_sdhi ee100000.sd: Got CD GPIO
[    2.478304] mmcblk0rpmb: mmc0:0001 R1J55A partition 3 4.00 MiB
[    2.484936]  mmcblk0: p1 p2
[    2.538343] sh_mobile_sdhi ee100000.sd: mmc1 base at 0xee100000 max clock rate 200 MHz
[    2.547293] asoc-simple-card sound: ak4613-hifi <-> ec500000.sound mapping ok
[    2.556565] input: keyboard as /devices/platform/keyboard/input/input0
[    2.563419] hctosys: unable to open rtc device (rtc0)
[    2.646006] Micrel KSZ9031 Gigabit PHY e6800000.etherne:00: attached PHY driver [Micrel KSZ9031 Gigabit PHY] (mii_bus:phy_addr=e6800000.etherne:00, irq=229)
[    2.702178] usb 1-1.1: new high-speed USB device number 3 using ehci-platform
[    2.820139] usb-storage 1-1.1:1.0: USB Mass Storage device detected
[    2.830655] scsi host0: usb-storage 1-1.1:1.0
[    2.839592] mmc1: new ultra high speed SDR104 SDHC card at address aaaa
[    2.846525] mmcblk1: mmc1:aaaa SC32G 29.7 GiB 
[    2.855111]  mmcblk1: p1 p2
[    3.839566] scsi 0:0:0:0: Direct-Access     Generic  STORAGE DEVICE   0272 PQ: 0 ANSI: 0
[    3.986370] sd 0:0:0:0: [sda] 15523840 512-byte logical blocks: (7.95 GB/7.40 GiB)
[    3.994986] sd 0:0:0:0: [sda] Write Protect is off
[    4.000861] sd 0:0:0:0: [sda] No Caching mode page found
[    4.006176] sd 0:0:0:0: [sda] Assuming drive cache: write through
[    4.027944]  sda: sda1 sda2
[    4.034114] sd 0:0:0:0: [sda] Attached SCSI removable disk
[    5.679842] ravb e6800000.ethernet eth0: Link is Up - 1Gbps/Full - flow control rx/tx
[    5.726187] IP-Config: Guessing netmask 255.255.255.0
[    5.731240] IP-Config: Complete:
[    5.734466]      device=eth0, hwaddr=2e:09:0a:00:be:11, ipaddr=192.168.10.6, mask=255.255.255.0, gw=255.255.255.255
[    5.744896]      host=192.168.10.6, domain=, nis-domain=(none)
[    5.750725]      bootserver=255.255.255.255, rootserver=255.255.255.255, rootpath=
[    5.758651] ALSA device list:
[    5.761613]   #0: Loopback 1
[    5.764508]   #1: ak4613
[    5.767236] Waiting 7 sec before mounting root device...
[   13.022291] md: Skipping autodetection of RAID arrays. (raid=autodetect will force)
[   13.030025] RAMDISK: ext2 filesystem found at block 0
[   13.035083] RAMDISK: Loading 8448KiB [1 disk] into ram disk... done.
[   13.186875] EXT4-fs (ram0): couldn't mount as ext3 due to feature incompatibilities
[   13.195393] EXT4-fs (ram0): mounted filesystem with ordered data mode. Opts: (null)
[   13.203086] VFS: Mounted root (ext4 filesystem) on device 1:0.
[   13.209014] devtmpfs: mounted
[   13.212525] Freeing unused kernel memory: 1024K (ffff800008ea0000 - ffff800008fa0000)
________________________________________________________________________________
         ___   ________                _   __     __  __                __
        /   | / ____/ /               / | / /__  / /_/ /_  ____  ____  / /_
       / /| |/ / __/ /      ______   /  |/ / _ \/ __/ __ \/ __ \/ __ \/ __/
      / ___ / /_/ / /___   /_____/  / /|  /  __/ /_/ /_/ / /_/ / /_/ / /_
     /_/  |_\____/_____/           /_/ |_/\___/\__/_.___/\____/\____/\__/
________________________________________________________________________________
/sbin/init[1]: starting initrd script
/sbin/init[1]: mounting FS: proc /proc
/sbin/init[1]: mounting FS: sysfs /sys
/sbin/init[1]: mounting FS: devtmpfs /dev
/sbin/init[1]: /dev (devtmpfs) already mounted
/sbin/init[1]: mounting FS: de[   13.294640] EXT4-fs (nbd0): couldn't mount as ext3 due to feature incompatibilities
vpts /dev/pts
/sbin/init[1]: mounting FS: tmpfs /dev/shm
/sbin/init[1]: mounting FS: tmpfs /tmp
/sbin/init[1]: mounting FS: tmpfs /run
/sbin/init[1]: NBD parameters: device /dev/nbd0, server 192.1[   13.319342] EXT4-fs (nbd0): mounted filesystem with ordered data mode. Opts: (null)
68.10.43:61964
/sbin/init[1]: mounting FS: smackfs /sys/fs/smackfs
/sbin/init[1]: Starting NBD client
/sbin/init[1]: NBD client successfully started
/sbin/init[1]: Moving /dev to new rootfs
/sbin/init[1]: Moving /proc to new rootfs
/sbin/init[1]: Moving /sys to new rootfs
/sbin/init[1]: Moving /tmp to new rootfs
/sbin/init[1]: Moving /run to new rootfs
/sbin/init[1]: Switching to new rootfs
/sbin/init[1]: Adjusting Connman configuration
/sbin/init: line 133: can't create /etc/resolv.conf: nonexistent directory
/sbin/init[1]: Exec'ing systemd
________________________________________________________________________________
      ___   ________       ____              __  _
     /   | / ____/ /      / __ )____  ____  / /_(_)___  ____ _
    / /| |/ / __/ /      / __  / __ \/ __ \/ __/ / __ \/ __ `/
   / ___ / /_/ / /___   / /_/ / /_/ / /_/ / /_/ / / / / /_/ /   _     _     _
  /_/  |_\____/_____/  /_____/\____/\____/\__/_/_/ /_/\__, /   (_)   (_)   (_)
_____________________________________________________/____/_____________________
[   14.152097] systemd[1]: Successfully loaded Smack policies.
[   14.169890] systemd[1]: System time before build time, advancing clock.
[   14.218065] systemd[1]: Relabelled /dev and /run in 2.521ms.
[   14.244314] systemd[1]: systemd 232 running in system mode. (+PAM -AUDIT -SELINUX +IMA -APPARMOR +SMACK +SYSVINIT +UTMP -LIBCRYPTSETUP -GCRYPT -GNUTLS +ACL +XZ -LZ4 -SECCOMP +BLKID -ELFUTILS +KMOD -IDN)
[   14.262724] systemd[1]: Detected architecture arm64.
Welcome to Automotive [   14.269823] systemd[1]: Set hostname to <m3ulcb>.
Grade Linux 5.1.0 (eel)![   14.276516] systemd[1]: Initializing machine ID from random generator.
[   14.463975] systemd[1]: Binding to IPv6 address not available since kernel does not support IPv6.
[   14.472898] systemd[1]: [/lib/systemd/system/gpsd.socket:6] Failed to parse address value, ignoring: [::1]:2947
[   14.535475] systemd[1]: Started Dispatch Password Requests to Console Directory Watch.
[  OK  ] Started Dispatch Password Requests to Console Directory Watch.
[   14.559185] systemd[1]: Created slice User and Session Slice.
[  OK  ] Created slice User and Session Slice.
[   14.578537] systemd[1]: Listening on Journal Audit Socket.
[  OK  ] Listening on Journal Audit Socket.
[   14.598394] systemd[1]: Listening on Journal Socket (/dev/log).
[  OK  ] Listening on Journal Socket (/dev/log).
[  OK  ] Listening on udev Control Socket.
[  OK  ] Started Forward Password Requests to Wall Directory Watch.
[  OK  ] Reached target Paths.
[  OK  ] Listening on udev Kernel Socket.
[  OK  ] Listening on /dev/initctl Compatibility Named Pipe.
[  OK  ] Reached target Swap.
[  OK  ] Listening on Syslog Socket.
[   14.700442] random: crng init done
[  OK  ] Listening on Journal Socket.
[  OK  ] Reached target Remote File Systems.
[  OK  ] Created slice System Slice.
         Starting Setup Virtual Console...
         Mounting POSIX Message Queue File System...
[  OK  ] Created slice system-serial\x2dgetty.slice.
[  OK  ] Created slice system-agl\x2duser\x2dsession.slice.
         Mounting Huge Pages File System...
         Starting Load Kernel Modules...
[  OK  ] Created slice system-getty.slice.
[   14.850506] imr fe860000.imr0: IMR device (pdev: -1) registered as /dev/video0
         Mountin[   14.861545] imr fe870000.imr1: IMR device (pdev: -1) registered as /dev/video1
g Debug File System...
[  OK  ] Reached target Slices.
         Starting Journal Service...
         Starting Create list of required stâ¦ce nodes for the current kernel...
         Starting Remount Root and Kernel File Systems...
[   14.953059] EXT4-fs (nbd0): re-mounted. Opts: (null)
[  OK  ] Mounted Huge Pages File System.
[  OK  ] Mounted POSIX Message Queue File System.
[  OK  ] Mounted Debug File System.
[  OK  ] Started Journal Service.
[  OK  ] Started Setup Virtual Console.
[  OK  ] Started Load Kernel Modules.
[  OK  ] Started Create list of required staâ¦vice nodes for the current kernel.
[  OK  ] Started Remount Root and Kernel File Systems.
         Starting Rebuild Hardware Database...
         Starting Create System Users...
         Mounting Configuration File System...
         Starting Apply Kernel Variables...
         Starting Flush Journal to Persistent Storage...
[  OK  ] Mounted Configuration File System.
[   15.186558] systemd-journald[1771]: Received request to flush runtime journal from PID 1
[  OK  ] Started Apply Kernel Variables.
[  OK  ] Started Flush Journal to Persistent Storage.
[  OK  ] Started Create System Users.
         Starting Create Static Device Nodes in /dev...
[  OK  ] Started Create Static Device Nodes in /dev.
[  OK  ] Reached target Local File Systems (Pre).
         Mounting /var/volatile...
         Starting udev Kernel Device Manager...
[  OK  ] Mounted /var/volatile.
         Starting Load/Save Random Seed...
[  OK  ] Reached target Local File Systems.
         Starting Rebuild Journal Catalog...
         Starting Rebuild Dynamic Linker Cache...
         Starting Create Volatile Files and Directories...
[  OK  ] Started Load/Save Random Seed.
[  OK  ] Started Rebuild Journal Catalog.
[  OK  ] Started Create Volatile Files and Directories.
         Starting Update UTMP about System Boot/Shutdown...
         Starting Run pending postinsts...
[  OK  ] Started Update UTMP about System Boot/Shutdown.
[  OK  ] Started udev Kernel Device Manager.
         Starting Setup Virtual Console...
[  OK  ] Started Setup Virtual Console.
         Starting Setup Virtual Console...
[  OK  ] Started Setup Virtual Console.
[  OK  ] Started Rebuild Hardware Database.
         Starting udev Coldplug all Devices...
         Starting Setup Virtual Console...
[  OK  ] Started Setup Virtual Console.
[  OK  ] Started udev Coldplug all Devices.
         Starting Start Psplash Boot Screen...
[  OK  ] Started Start Psplash Boot Screen.
[  OK  ] Reached target Sound Card.
[  OK  ] Found device /dev/ttySC0.
[  OK  ] Started Rebuild Dynamic Linker Cache.
         Starting Update is Completed...
[  OK  ] Started Update is Completed.
[  OK  ] Started Run pending postinsts.
[  OK  ] Reached target System Initialization.
[  OK  ] Listening on cynara-agent.socket.
[  OK  ] Started Daily Cleanup of Temporary Directories.
[  OK  ] Started dnf-automatic-notifyonly timer.
         Starting sshd.socket.
[  OK  ] Listening on GPS (Global Positioning System) Daemon Sockets.
[  OK  ] Listening on security-manager.socket.
[  OK  ] Listening on Avahi mDNS/DNS-SD Stack Activation Socket.
[  OK  ] Started dnf-automatic-install timer.
[  OK  ] Started dnf makecache timer.
[  OK  ] Listening on cynara.socket.
[  OK  ] Started dnf-automatic-download timer.
[  OK  ] Reached target Timers.
[  OK  ] Listening on D-Bus System Message Bus Socket.
[  OK  ] Listening on cynara-admin.socket.
[  OK  ] Reached target cynara sockets.
[  OK  ] Listening on sshd.socket.
[  OK  ] Reached target Sockets.
[  OK  ] Reached target Basic System.
         Starting Telephony service...
[  OK  ] Started Kernel Logging Service.
[  OK  ] Started System Logging Service.
         Starting Modem Manager...
[  OK  ] Started D-Bus System Message Bus.
[  OK  ] Started Telephony service.
         Starting Connection service...
         Starting User Mode Init Manager for TI shared transport...
         Starting Application Framework Master, system side...
[  OK  ] Reached target Containers.
         Starting Avahi mDNS/DNS-SD Stack...
         Starting Cynara service...
[  OK  ] Started Weston Wayland Compositor.
         Starting Terminate Psplash Boot Screen...
         Starting Login Service...
         Starting Install Security Manager database...
         Starting Save/Restore Sound Card State...
[  OK  ] Started Terminate Psplash Boot Screen.
[  OK  ] Started Save/Restore Sound Card State.
[  OK  ] Started Cynara service.
[   23.073490] Bluetooth: Core ver 2.22
[   23.081000] NET: Registered protocol family 31
[   23.086535] Bluetooth: HCI device and connection manager initialized
[   23.093033] Bluetooth: HCI socket layer initialized
[   23.098039] Bluetooth: L2CAP socket layer initialized
[   23.103200] Bluetooth: SCO socket layer initialized
[  OK  ] Started Avahi mDNS/DNS-SD Stack.
[  OK  ] Started Connection service.
[  OK  ] Started Login Service.
[  OK  ] Reached target Network.
         Starting Target Communication Framework agent...
         Starting Authorization Manager...
[  OK  ] Listening on Load/Save RF Kill Switch Status /dev/rfkill Watch.
[  OK  ] Started User Mode Init Manager for TI shared transport.
[  OK  ] Started Install Security Manager database.
[  OK  ] Started Target Communication Framework agent.
[  OK  ] Started Application Framework Master, sy[   23.311708] weston[3252]: unhandled level 0 translation fault (11) at 0x0000000c, esr 0x92000004
stem side.
[   23.324686] pgd = ffff8005fca24000
[   23.329607] [0000000c] *pgd=0000000000000000[   23.333757] 
[   23.335342] 
[   23.343164] CPU: 1 PID: 3252 Comm: weston Tainted: G    B           4.9.0-yocto-standard #1
[   23.352404] Hardware name: Renesas M3ULCB board based on r8a7796 (DT)
[   23.360039] task: ffff8005fc5cec00 task.stack: ffff8005f645c000
[   23.366915] PC is at 0xffffa01c0418
[   23.371455] LR is at 0xffffa01c040c
[   23.375959] pc : [<0000ffffa01c0418>] lr : [<0000ffffa01c040c>] pstate: 60000000
         Startin[   23.393117] sp : 0000ffffc369a860
g Hostname Service...
[   23.399281] x29: 0000ffffc369a860 x28: 0000aaaadf6f0bf0 
[   23.407166] x27: 0000ffffc369abe8 x26: 0000aaaadf6eace0 
[   23.413800] x25: 0000aaaadf6eaef0 x24: 0000ffffc369aa58 
[   23.420168] x23: 0000ffffc369a8e0 x22: 0000ffffc369a8e4 
[   23.428580] x21: 0000ffffc369a8a0 
[   23.428581] x20: 0000000000000000 x19: 0000ffffa01d6000 
[   23.428585] x18: 0000000000000000 x17: 0000ffffa05e25b0 
[   23.428587] x16: 0000ffffa01f5ee8 x15: 0000000000000001 
[   23.428590] x14: 0000000000000002 x13: 0000000000000000 
[   23.428592] x12: 0000000000000000 x11: 0101010101010101 
[   23.428595] x10: aaaaaaaaaaaa0000 x9 : 000000000003ffff 
[   23.428597] x8 : 0000000000000039 x7 : 4041041000000000 
[   23.428599] x6 : 0000ffffc3698740 x5 : 0000000000000028 
[   23.428601] x4 : 0000000000000000 x3 : 0000000000000000 
[   23.428604] x2 : ae5af78c06669b00 x1 : 0000000000000000 
[   23.428606] x0 : 0000000000000000 
[   23.428659] audit: type=1701 audit(1532587837.255:2): auid=4294967295 uid=200 gid=200 ses=4294967295 subj=System pid=3252 comm=\"weston\" exe=\"/usr/bin/weston\" sig=11
         Starting WPA supplicant...
         Starting Run pending agl postinsts...
         Starting Start the security manager...
[  OK  ] Started Start the security manager.
[  OK  ] Started Hostname Service.
[  OK  ] Started WPA supplicant.
[  OK  ] Started Authorization Manager.
[  OK  ] Started Modem Manager.
[  OK  ] Stopped target Sockets.
         Stopping Sockets.
[  OK  ] Reached target Sockets.
[  OK  ] Started Run pending agl postinsts.
         Starting Permit User Sessions...
[  OK  ] Started Permit User Sessions.
[  OK  ] Started Serial Getty on ttySC0.
[  OK  ] Reached target Login Prompts.
[  OK  ] Started User Manager for UID agl-passenger.
[  OK  ] Started User Manager for UID agl-driver.
[  OK  ] Reached target Multi-User System.
[   24.400322] audit: type=1006 audit(1532587838.227:3): pid=3359 uid=0 subj=System old-auid=4294967295 auid=1000 tty=(none) old-ses=4294967295 ses=1 res=1
[   24.414356] audit: type=1006 audit(1532587838.243:4): pid=3358 uid=0 subj=System old-auid=4294967295 auid=1001 tty=(none) old-ses=4294967295 ses=2 res=1
         Starting Update UTMP about System Runlevel Changes...
[  OK  ] Created slice User Slice of agl-passenger.
[  OK  ] Started Session 2 of user agl-passenger.
         Starting User Manager for UID 1001...
[   24.507187] audit: type=1006 audit(1532587838.335:5): pid=3362 uid=0 subj=System old-auid=4294967295 auid=1001 tty=(none) old-ses=4294967295 ses=3 res=1
[  OK  ] Started Update UTMP about System Runlevel Changes.
[  OK  ] Created slice User Slice of agl-driver.
         Starting User Manager for UID 1000...
[   24.587706] audit: type=1006 audit(1532587838.415:6): pid=3366 uid=0 subj=System old-auid=4294967295 auid=1000 tty=(none) old-ses=4294967295 ses=4 res=1
[  OK  ] Started Session 1 of user agl-driver.
         Starting Bluetooth service...
[  OK  ] Started Bluetooth service.
[  OK  ] Started User Manager for UID 1000.
[  OK  ] Started User Manager for UID 1001.
[   25.150765] Bluetooth: BNEP (Ethernet Emulation) ver 1.3
[   25.159990] Bluetooth: BNEP filters: protocol multicast
[   25.168586] Bluetooth: BNEP socket layer initialized
Automotive Grade Linux 5.1.0 m3ulcb ttySC0
Matched prompt #8: login:
Sending username root
Sending with 10 millisecond of delay
root
m3ulcb login: root
auto-login-action: Wait for prompt ['root@m3ulcb:~', 'm3ulcb:~#', '/ #', 'Login incorrect', 'Login timed out'] (timeout 00:08:14)
root
[   26.579088] audit: type=1006 audit(1532587840.407:7): pid=3434 uid=0 subj=System old-auid=4294967295 auid=0 tty=(none) old-ses=4294967295 ses=5 res=1
Setting shell prompt(s) to ['root@m3ulcb:~', 'm3ulcb:~#', '/ #', 'Login incorrect', 'Login timed out', 'lava-test: # ']
Sending with 10 millisecond of delay
export PS1="lava-test: # "
7[r[999;999H[6nroot@m3ulcb:~# export PS1=\"lava-test: # \"
end: 2.4.4 auto-login-action (duration 00:00:32) [common]
namespace: common
result: pass
level: 2.4.4
extra: ...
definition: lava
duration: 31.95
case: auto-login-action
start: 2.4.5 expect-shell-connection (timeout 00:08:09) [common]
expect-shell-connection: Wait for prompt ['root@m3ulcb:~', 'm3ulcb:~#', '/ #', 'Login incorrect', 'Login timed out', 'lava-test: # '] (timeout 00:10:00)
end: 2.4.5 expect-shell-connection (duration 00:00:00) [common]
start: 2.4.6 overlay-unpack (timeout 00:08:09) [common]
rm overlay-1.5.5.tar.gz; ifconfig eth0 192.168.10.6; wget http://192.168.10.43/tmp/281/compress-overlay-uy41lv3r/overlay-1.5.5.tar.gz && tar -C / -xvpf overlay-1.5.5.tar.gz
export PS1=\"lava-test: # \"rm overlay-1.5.5.tar.gz; ifconfig eth0 192.168.10.6; wget http://192.168.10.43/tmp/281/compress-overlay-uy41lv3r/overlay-1.5.5.tar.gz && tar -C / -xvpf overlay-1.5.5.tar.gz
end: 2.4.6 overlay-unpack (duration 00:00:00) [common]
start: 2.4.7 export-device-env (timeout 00:08:09) [common]
end: 2.4.7 export-device-env (duration 00:00:00) [common]
end: 2.4 uboot-retry (duration 00:01:51) [common]
end: 2 uboot-action (duration 00:01:51) [common]
start: 3 lava-test-retry (timeout 00:02:00) [common]
start: 3.1 lava-test-shell (timeout 00:02:00) [common]
Using namespace: common
Using a character delay of 2 (ms)
#
#
lava-test-shell: Wait for prompt ['root@m3ulcb:~', 'm3ulcb:~#', '/ #', 'Login incorrect', 'Login timed out', 'lava-test: # '] (timeout 00:02:00)
lava-test: # rm overlay-1.5.5.tar.gz; ifconfig eth0 192.168.10.6; wget http://19 2.168.10.43/tmp/281/compress-overlay-uy41lv3r/overlay-1.5.5.tar.gz && tar -C / - xvpf overlay-1.5.5.tar.gz
rm: cannot remove 'overlay-1.5.5.tar.gz': No such file or directory
Connecting to 192.168.10.43 (192.168.10.43:80)
overlay-1.5.5.tar.gz 100% |*******************************|  6766   0:00:00 ETA
./lava-281/
./lava-281/lava.pub
./lava-281/0/
./lava-281/0/lava-test-runner.conf
./lava-281/0/tests/
./lava-281/0/tests/0_health-test/
./lava-281/0/tests/0_health-test/run.sh
./lava-281/0/tests/0_health-test/testdef_metadata
#./lava-281/0/tests/0_health-test/testdef.yaml
./lava-281/0/tests/0_health-test/inline/
./lava-281/0/tests/0_health-test/inline/health-test.yaml
Using /lava-281
Sending with 2 millisecond of delay
ls -l /lava-281/
./lava-281/0/tests/0_health-test/ls -l /lava-281/
Sending with 2 millisecond of delay
export SHELL=/bin/sh
export SHELL=/bin/sh
Sending with 2 millisecond of delay
/lava-281/bin/lava-test-runner /lava-281/0
/lava-281/bin/lava-test-runner /lava-281/0
Test shell timeout: 10s (minimum of the action and connection timeout)
uuid
./lava-281/bin/
./lava-281/bin/lava-test-runner
./lava-281/bin/lava-target-storage
./lava-281/bin/lava-install-packages
./lava-281/bin/lava-os-build
./lava-281/bin/lava-add-keys
./lava-281/bin/lava-test-raise
./lava-281/bin/lava-target-ip
./lava-281/bin/lava-background-process-stop
./lava-281/bin/lava-installed-packages
./lava-281/bin/lava-probe-ip
./lava-281/bin/lava-test-feedback
./lava-281/bin/lava-test-case
./lava-281/bin/lava-background-process-start
./lava-281/bin/lava-probe-channel
./lava-281/bin/lava-test-set
./lava-281/bin/lava-echo-ipv4
./lava-281/bin/lava-target-mac
./lava-281/bin/lava-test-reference
./lava-281/bin/lava-add-sources
./lava-281/bin/lava-test-shell
./lava-281/lava
./lava-281/tests/
./lava-281/results/
llava-test: # #
lava-test: # ls -l /lava-281/
total 24
drwxr-xr-x. 3 root root 4096 Jul 26 06:50 0
drwxr-xr-x. 2 root root 4096 Jul 26 06:50 bin
-rw-r--r--. 1 root root 1679 Sep  5  2018 lava
-rw-r--r--. 1 root root  406 Sep  5  2018 lava.pub
drwxr-xr-x. 2 root root 4096 Sep  5  2018 results
drwxr-xr-x. 2 root root 4096 Sep  5  2018 tests
lava-test: # export SHELL=/bin/sh
lava-test: # /lava-281/bin/lava-test-runner /lava-281/0
/lava-281/0
<LAVA_TEST_RUNNER>: started
<LAVA_TEST_RUNNER>: looking for work in /lava-281/0/lava-test-runner.conf-1532587850
<LAVA_TEST_RUNNER>: Using /bin/sh
<LAVA_TEST_RUNNER>: running 0_health-test under lava-test-shell...
+ export TESTRUN_ID=0_health-test
+ TESTRUN_ID=0_health-test
+ cd /lava-281/0/tests/0_health-test
++ cat uuid
+ UUID=281_1.5.4.1
+ set +x
<LAVA_SIGNAL_STARTRUN 0_health-test 281_1.5.4.1>
+ lava-test-set start set-pass
<LAVA_SIGNAL_TESTSET START set-pass>
+ lava-test-case always-pass --shell true
Received signal: <STARTRUN> 0_health-test 281_1.5.4.1
Starting test lava.0_health-test (281_1.5.4.1)
Enabling test definition pattern '(?P<test_case_id>.*-*)\\s+:\\s+(?P<result>(PASS|pass|FAIL|fail|SKIP|skip|UNKNOWN|unknown))'
Enabling test definition fixup {'PASS': 'pass', 'UNKNOWN': 'unknown', 'SKIP': 'skip', 'FAIL': 'fail'}
Received signal: <TESTSET> START set-pass
Starting test_set set-pass
<LAVA_SIGNAL_STARTTC always-pass>
<LAVA_SIGNAL_ENDTC always-pass>
<LAVA_SIGNAL_TESTCASE TEST_CASE_ID=always-pass RESULT=pass>
+ lava-test-set stop set-pass
<LAVA_SIGNAL_TESTSET STOP>
+ lava-test-set start set-fail
<LAVA_SIGNAL_TESTSET START set-fail>
+ lava-test-case always-fail --shell false
<LAVA_SIGNAL_STARTTC always-fail>
<LAVA_SIGNAL_ENDTC always-fail>
<LAVA_SIGNAL_TESTCASE TEST_CASE_ID=always-fail RESULT=fail>
+ lava-test-set stop set-fail
Received signal: <STARTTC> always-pass
Received signal: <ENDTC> always-pass
Received signal: <TESTCASE> TEST_CASE_ID=always-pass RESULT=pass
set: set-pass
result: pass
case: always-pass
definition: 0_health-test
Received signal: <TESTSET> STOP
Closing test_set set-pass
Received signal: <TESTSET> START set-fail
Starting test_set set-fail
Received signal: <STARTTC> always-fail
Received signal: <ENDTC> always-fail
Received signal: <TESTCASE> TEST_CASE_ID=always-fail RESULT=fail
set: set-fail
result: fail
case: always-fail
definition: 0_health-test
<LAVA_SIGNAL_TESTSET STOP>
Received signal: <TESTSET> STOP
Closing test_set set-fail
+ set +x
<LAVA_SIGNAL_ENDRUN 0_health-test 281_1.5.4.1>
<LAVA_TEST_RUNNER>: 0_health-test exited with: 0
0_health-test-1532587850
<LAVA_TEST_RUNNER>: exiting lava-test-runner
Received signal: <ENDRUN> 0_health-test 281_1.5.4.1
Ending use of test pattern.
Ending test lava.0_health-test (281_1.5.4.1), duration 0.08
result: pass
duration: 0.08
namespace: common
yaml_line: 28
run: [object Object]
metadata: [object Object]
definition: lava
revision: unspecified
path: inline/health-test.yaml
uuid: 281_1.5.4.1
case: 0_health-test
ok: lava_test_shell seems to have completed
always-fail:
  result: fail
  set: set-fail
always-pass:
  result: pass
  set: set-pass
end: 3.1 lava-test-shell (duration 00:00:05) [common]
end: 3 lava-test-retry (duration 00:00:05) [common]
start: 4 finalize (timeout 00:15:00) [common]
start: 4.1 power-off (timeout 00:00:05) [common]
nice ssh root@192.168.10.43 /work/liuwl/relay_serial/power_off_m3ulcb.sh
output: open device: /dev/ttyUSB4 successfully, fd: 3
output: Send command to relay and receving...
output: Send size: 8 byte. Translated 8 byte.
output: Send size: 8 byte. Translated 8 byte.
output: .
output: Power on/off the board successfully.
output: 
end: 4.1 power-off (duration 00:00:02) [common]
namespace: common
result: pass
level: 4.1
extra: ...
definition: lava
duration: 1.56
case: power-off
start: 4.2 read-feedback (timeout 00:14:58) [common]
Listened to connection for namespace 'common' for 1s
Finalising connection for namespace 'common'
end: 4.2 read-feedback (duration 00:00:01) [common]
lava-xnbd cleanup
clean NBD port 61964
end: 4 finalize (duration 00:00:03) [common]
Cleaning after the job
Cleaning up download directory: /var/lib/lava/dispatcher/tmp/281/nbd-deploy-yxd5l2ef/initrd
Cleaning up download directory: /var/lib/lava/dispatcher/tmp/281/nbd-deploy-yxd5l2ef/kernel
Cleaning up download directory: /var/lib/lava/dispatcher/tmp/281/nbd-deploy-yxd5l2ef/dtb
Cleaning up download directory: /var/lib/lava/dispatcher/tmp/281/nbd-deploy-yxd5l2ef/nbdroot
Override tmp directory removed at /var/lib/lava/dispatcher/tmp/281
Root tmp directory removed at /var/lib/lava/dispatcher/tmp/281
Job finished correctly
result: pass
case: job
definition: lava

